// Jest Snapshot v1, https://goo.gl/fbAQLP

exports[`App renders correctly 1`] = `
<div
  class="App"
>
  <h1>
    Spotify falso!
  </h1>
  <nav
    class="navbar navbar-expand navbar-dark bg-dark"
  >
    <a
      class="navbar-brand"
      href="/home"
    >
      Falso
    </a>
    <div
      class="mr-auto navbar-nav"
    >
      <a
        class="navlink"
        href="/home"
      >
        Home
      </a>
      <a
        class="navlink"
        href="/albums"
      >
        Albums
      </a>
      <a
        class="navlink"
        href="/user"
      >
        Perfil
      </a>
    </div>
    <a
      href="/login"
    >
      <button
        class="btn btn-outline-info"
        type="button"
      >
        Login
      </button>
    </a>
  </nav>
</div>
`;
